{"code":"ECONNREFUSED","level":"error","message":"Redis Sub Client Error","service":"disaster-alert-api","stack":"AggregateError [ECONNREFUSED]: \n    at internalConnectMultiple (node:net:1134:18)\n    at afterConnectMultiple (node:net:1715:7)","timestamp":"2026-05-06 16:30:50"}
{"code":"ECONNREFUSED","level":"error","message":"Redis Pub Client Error","service":"disaster-alert-api","stack":"AggregateError [ECONNREFUSED]: \n    at internalConnectMultiple (node:net:1134:18)\n    at afterConnectMultiple (node:net:1715:7)","timestamp":"2026-05-06 16:30:50"}
{"level":"error","message":"❌ Failed to start server: querySrv ENOTFOUND _mongodb._tcp.cluster0.bvowtr8.mongodb.net","service":"disaster-alert-api","timestamp":"2026-05-06 16:30:50"}
{"code":"ECONNREFUSED","level":"error","message":"Redis Sub Client Error","service":"disaster-alert-api","stack":"AggregateError [ECONNREFUSED]: \n    at internalConnectMultiple (node:net:1134:18)\n    at afterConnectMultiple (node:net:1715:7)","timestamp":"2026-05-06 16:31:33"}
{"code":"ECONNREFUSED","level":"error","message":"Redis Pub Client Error","service":"disaster-alert-api","stack":"AggregateError [ECONNREFUSED]: \n    at internalConnectMultiple (node:net:1134:18)\n    at afterConnectMultiple (node:net:1715:7)","timestamp":"2026-05-06 16:31:33"}
{"level":"error","message":"❌ Failed to start server: querySrv ENOTFOUND _mongodb._tcp.cluster0.bvowtr8.mongodb.net","service":"disaster-alert-api","timestamp":"2026-05-06 16:31:33"}
{"code":"ECONNREFUSED","level":"error","message":"Redis Pub Client Error","service":"disaster-alert-api","stack":"AggregateError [ECONNREFUSED]: \n    at internalConnectMultiple (node:net:1134:18)\n    at afterConnectMultiple (node:net:1715:7)","timestamp":"2026-05-07 19:10:47"}
{"code":"ECONNREFUSED","level":"error","message":"Redis Sub Client Error","service":"disaster-alert-api","stack":"AggregateError [ECONNREFUSED]: \n    at internalConnectMultiple (node:net:1134:18)\n    at afterConnectMultiple (node:net:1715:7)","timestamp":"2026-05-07 19:10:47"}
{"code":"ECONNREFUSED","level":"error","message":"Redis Pub Client Error","service":"disaster-alert-api","stack":"AggregateError [ECONNREFUSED]: \n    at internalConnectMultiple (node:net:1134:18)\n    at afterConnectMultiple (node:net:1715:7)","timestamp":"2026-05-07 19:10:47"}
{"code":"ECONNREFUSED","level":"error","message":"Redis Sub Client Error","service":"disaster-alert-api","stack":"AggregateError [ECONNREFUSED]: \n    at internalConnectMultiple (node:net:1134:18)\n    at afterConnectMultiple (node:net:1715:7)","timestamp":"2026-05-07 19:10:47"}
{"code":"ECONNREFUSED","level":"error","message":"Redis Pub Client Error","service":"disaster-alert-api","stack":"AggregateError [ECONNREFUSED]: \n    at internalConnectMultiple (node:net:1134:18)\n    at afterConnectMultiple (node:net:1715:7)","timestamp":"2026-05-07 19:10:48"}
{"code":"ECONNREFUSED","level":"error","message":"Redis Sub Client Error","service":"disaster-alert-api","stack":"AggregateError [ECONNREFUSED]: \n    at internalConnectMultiple (node:net:1134:18)\n    at afterConnectMultiple (node:net:1715:7)","timestamp":"2026-05-07 19:10:48"}
{"code":"ECONNREFUSED","level":"error","message":"Redis Sub Client Error","service":"disaster-alert-api","stack":"AggregateError [ECONNREFUSED]: \n    at internalConnectMultiple (node:net:1134:18)\n    at afterConnectMultiple (node:net:1715:7)","timestamp":"2026-05-07 19:10:48"}
{"code":"ECONNREFUSED","level":"error","message":"Redis Pub Client Error","service":"disaster-alert-api","stack":"AggregateError [ECONNREFUSED]: \n    at internalConnectMultiple (node:net:1134:18)\n    at afterConnectMultiple (node:net:1715:7)","timestamp":"2026-05-07 19:10:48"}
{"code":"ECONNREFUSED","level":"error","message":"Redis Pub Client Error","service":"disaster-alert-api","stack":"AggregateError [ECONNREFUSED]: \n    at internalConnectMultiple (node:net:1134:18)\n    at afterConnectMultiple (node:net:1715:7)","timestamp":"2026-05-07 19:10:48"}
{"code":"ECONNREFUSED","level":"error","message":"Redis Sub Client Error","service":"disaster-alert-api","stack":"AggregateError [ECONNREFUSED]: \n    at internalConnectMultiple (node:net:1134:18)\n    at afterConnectMultiple (node:net:1715:7)","timestamp":"2026-05-07 19:10:48"}
{"code":"ECONNREFUSED","level":"error","message":"Redis Pub Client Error","service":"disaster-alert-api","stack":"AggregateError [ECONNREFUSED]: \n    at internalConnectMultiple (node:net:1134:18)\n    at afterConnectMultiple (node:net:1715:7)","timestamp":"2026-05-07 19:10:48"}
{"code":"ECONNREFUSED","level":"error","message":"Redis Sub Client Error","service":"disaster-alert-api","stack":"AggregateError [ECONNREFUSED]: \n    at internalConnectMultiple (node:net:1134:18)\n    at afterConnectMultiple (node:net:1715:7)","timestamp":"2026-05-07 19:10:48"}
{"code":"ECONNREFUSED","level":"error","message":"Redis Sub Client Error","service":"disaster-alert-api","stack":"AggregateError [ECONNREFUSED]: \n    at internalConnectMultiple (node:net:1134:18)\n    at afterConnectMultiple (node:net:1715:7)","timestamp":"2026-05-07 19:10:49"}
{"code":"ECONNREFUSED","level":"error","message":"Redis Pub Client Error","service":"disaster-alert-api","stack":"AggregateError [ECONNREFUSED]: \n    at internalConnectMultiple (node:net:1134:18)\n    at afterConnectMultiple (node:net:1715:7)","timestamp":"2026-05-07 19:10:49"}
{"code":"ECONNREFUSED","level":"error","message":"Redis Pub Client Error","service":"disaster-alert-api","stack":"AggregateError [ECONNREFUSED]: \n    at internalConnectMultiple (node:net:1134:18)\n    at afterConnectMultiple (node:net:1715:7)","timestamp":"2026-05-07 19:10:49"}
{"code":"ECONNREFUSED","level":"error","message":"Redis Sub Client Error","service":"disaster-alert-api","stack":"AggregateError [ECONNREFUSED]: \n    at internalConnectMultiple (node:net:1134:18)\n    at afterConnectMultiple (node:net:1715:7)","timestamp":"2026-05-07 19:10:49"}
{"code":"ECONNREFUSED","level":"error","message":"Redis Sub Client Error","service":"disaster-alert-api","stack":"AggregateError [ECONNREFUSED]: \n    at internalConnectMultiple (node:net:1134:18)\n    at afterConnectMultiple (node:net:1715:7)","timestamp":"2026-05-07 19:10:49"}
{"code":"ECONNREFUSED","level":"error","message":"Redis Pub Client Error","service":"disaster-alert-api","stack":"AggregateError [ECONNREFUSED]: \n    at internalConnectMultiple (node:net:1134:18)\n    at afterConnectMultiple (node:net:1715:7)","timestamp":"2026-05-07 19:10:49"}
{"code":"ECONNREFUSED","level":"error","message":"Redis Pub Client Error","service":"disaster-alert-api","stack":"AggregateError [ECONNREFUSED]: \n    at internalConnectMultiple (node:net:1134:18)\n    at afterConnectMultiple (node:net:1715:7)","timestamp":"2026-05-07 19:10:50"}
{"code":"ECONNREFUSED","level":"error","message":"Redis Sub Client Error","service":"disaster-alert-api","stack":"AggregateError [ECONNREFUSED]: \n    at internalConnectMultiple (node:net:1134:18)\n    at afterConnectMultiple (node:net:1715:7)","timestamp":"2026-05-07 19:10:50"}
{"code":"ECONNREFUSED","level":"error","message":"Redis Pub Client Error","service":"disaster-alert-api","stack":"AggregateError [ECONNREFUSED]: \n    at internalConnectMultiple (node:net:1134:18)\n    at afterConnectMultiple (node:net:1715:7)","timestamp":"2026-05-07 19:10:50"}
{"code":"ECONNREFUSED","level":"error","message":"Redis Sub Client Error","service":"disaster-alert-api","stack":"AggregateError [ECONNREFUSED]: \n    at internalConnectMultiple (node:net:1134:18)\n    at afterConnectMultiple (node:net:1715:7)","timestamp":"2026-05-07 19:10:50"}
{"code":"ECONNREFUSED","level":"error","message":"Redis Pub Client Error","service":"disaster-alert-api","stack":"AggregateError [ECONNREFUSED]: \n    at internalConnectMultiple (node:net:1134:18)\n    at afterConnectMultiple (node:net:1715:7)","timestamp":"2026-05-07 19:10:51"}
{"code":"ECONNREFUSED","level":"error","message":"Redis Sub Client Error","service":"disaster-alert-api","stack":"AggregateError [ECONNREFUSED]: \n    at internalConnectMultiple (node:net:1134:18)\n    at afterConnectMultiple (node:net:1715:7)","timestamp":"2026-05-07 19:10:51"}
{"code":"ECONNREFUSED","level":"error","message":"Redis Pub Client Error","service":"disaster-alert-api","stack":"AggregateError [ECONNREFUSED]: \n    at internalConnectMultiple (node:net:1134:18)\n    at afterConnectMultiple (node:net:1715:7)","timestamp":"2026-05-07 19:10:51"}
{"code":"ECONNREFUSED","level":"error","message":"Redis Sub Client Error","service":"disaster-alert-api","stack":"AggregateError [ECONNREFUSED]: \n    at internalConnectMultiple (node:net:1134:18)\n    at afterConnectMultiple (node:net:1715:7)","timestamp":"2026-05-07 19:10:51"}
{"code":"ECONNREFUSED","level":"error","message":"Redis Sub Client Error","service":"disaster-alert-api","stack":"AggregateError [ECONNREFUSED]: \n    at internalConnectMultiple (node:net:1134:18)\n    at afterConnectMultiple (node:net:1715:7)","timestamp":"2026-05-07 19:10:52"}
{"code":"ECONNREFUSED","level":"error","message":"Redis Pub Client Error","service":"disaster-alert-api","stack":"AggregateError [ECONNREFUSED]: \n    at internalConnectMultiple (node:net:1134:18)\n    at afterConnectMultiple (node:net:1715:7)","timestamp":"2026-05-07 19:10:52"}
{"code":"ECONNREFUSED","level":"error","message":"Redis Pub Client Error","service":"disaster-alert-api","stack":"AggregateError [ECONNREFUSED]: \n    at internalConnectMultiple (node:net:1134:18)\n    at afterConnectMultiple (node:net:1715:7)","timestamp":"2026-05-07 19:10:53"}
{"code":"ECONNREFUSED","level":"error","message":"Redis Sub Client Error","service":"disaster-alert-api","stack":"AggregateError [ECONNREFUSED]: \n    at internalConnectMultiple (node:net:1134:18)\n    at afterConnectMultiple (node:net:1715:7)","timestamp":"2026-05-07 19:10:53"}
{"code":"ECONNREFUSED","level":"error","message":"Redis Sub Client Error","service":"disaster-alert-api","stack":"AggregateError [ECONNREFUSED]: \n    at internalConnectMultiple (node:net:1134:18)\n    at afterConnectMultiple (node:net:1715:7)","timestamp":"2026-05-07 19:10:54"}
{"code":"ECONNREFUSED","level":"error","message":"Redis Pub Client Error","service":"disaster-alert-api","stack":"AggregateError [ECONNREFUSED]: \n    at internalConnectMultiple (node:net:1134:18)\n    at afterConnectMultiple (node:net:1715:7)","timestamp":"2026-05-07 19:10:54"}
{"code":"ECONNREFUSED","level":"error","message":"Redis Pub Client Error","service":"disaster-alert-api","stack":"AggregateError [ECONNREFUSED]: \n    at internalConnectMultiple (node:net:1134:18)\n    at afterConnectMultiple (node:net:1715:7)","timestamp":"2026-05-07 19:10:54"}
{"code":"ECONNREFUSED","level":"error","message":"Redis Sub Client Error","service":"disaster-alert-api","stack":"AggregateError [ECONNREFUSED]: \n    at internalConnectMultiple (node:net:1134:18)\n    at afterConnectMultiple (node:net:1715:7)","timestamp":"2026-05-07 19:10:54"}
{"code":"ECONNREFUSED","level":"error","message":"Redis Pub Client Error","service":"disaster-alert-api","stack":"AggregateError [ECONNREFUSED]: \n    at internalConnectMultiple (node:net:1134:18)\n    at afterConnectMultiple (node:net:1715:7)","timestamp":"2026-05-07 19:10:55"}
{"code":"ECONNREFUSED","level":"error","message":"Redis Sub Client Error","service":"disaster-alert-api","stack":"AggregateError [ECONNREFUSED]: \n    at internalConnectMultiple (node:net:1134:18)\n    at afterConnectMultiple (node:net:1715:7)","timestamp":"2026-05-07 19:10:55"}
{"code":"ECONNREFUSED","level":"error","message":"Redis Pub Client Error","service":"disaster-alert-api","stack":"AggregateError [ECONNREFUSED]: \n    at internalConnectMultiple (node:net:1134:18)\n    at afterConnectMultiple (node:net:1715:7)","timestamp":"2026-05-07 19:10:56"}
{"code":"ECONNREFUSED","level":"error","message":"Redis Sub Client Error","service":"disaster-alert-api","stack":"AggregateError [ECONNREFUSED]: \n    at internalConnectMultiple (node:net:1134:18)\n    at afterConnectMultiple (node:net:1715:7)","timestamp":"2026-05-07 19:10:56"}
{"code":"ECONNREFUSED","level":"error","message":"Redis Pub Client Error","service":"disaster-alert-api","stack":"AggregateError [ECONNREFUSED]: \n    at internalConnectMultiple (node:net:1134:18)\n    at afterConnectMultiple (node:net:1715:7)","timestamp":"2026-05-07 19:10:57"}
{"code":"ECONNREFUSED","level":"error","message":"Redis Sub Client Error","service":"disaster-alert-api","stack":"AggregateError [ECONNREFUSED]: \n    at internalConnectMultiple (node:net:1134:18)\n    at afterConnectMultiple (node:net:1715:7)","timestamp":"2026-05-07 19:10:57"}
{"code":"ECONNREFUSED","level":"error","message":"Redis Pub Client Error","service":"disaster-alert-api","stack":"AggregateError [ECONNREFUSED]: \n    at internalConnectMultiple (node:net:1134:18)\n    at afterConnectMultiple (node:net:1715:7)","timestamp":"2026-05-07 19:10:58"}
{"code":"ECONNREFUSED","level":"error","message":"Redis Sub Client Error","service":"disaster-alert-api","stack":"AggregateError [ECONNREFUSED]: \n    at internalConnectMultiple (node:net:1134:18)\n    at afterConnectMultiple (node:net:1715:7)","timestamp":"2026-05-07 19:10:58"}
{"level":"error","message":"Could not close connections in time, forcefully shutting down","service":"disaster-alert-api","timestamp":"2026-05-07 19:36:38"}
{"level":"error","message":"Could not close connections in time, forcefully shutting down","service":"disaster-alert-api","timestamp":"2026-05-07 19:42:58"}
{"level":"error","message":"Could not close connections in time, forcefully shutting down","service":"disaster-alert-api","timestamp":"2026-05-07 19:51:39"}
{"level":"error","message":"Could not close connections in time, forcefully shutting down","service":"disaster-alert-api","timestamp":"2026-05-07 21:10:42"}
{"level":"error","message":"❌ Failed to start server: Could not connect to any servers in your MongoDB Atlas cluster. One common reason is that you're trying to access the database from an IP that isn't whitelisted. Make sure your current IP address is on your Atlas cluster's IP whitelist: https://www.mongodb.com/docs/atlas/security-whitelist/","service":"disaster-alert-api","timestamp":"2026-05-07 21:20:22"}
{"level":"error","message":"Could not close connections in time, forcefully shutting down","service":"disaster-alert-api","timestamp":"2026-05-07 21:21:14"}
{"level":"error","message":"Could not close connections in time, forcefully shutting down","service":"disaster-alert-api","timestamp":"2026-05-07 21:31:10"}
{"level":"error","message":"Could not close connections in time, forcefully shutting down","service":"disaster-alert-api","timestamp":"2026-05-07 21:35:48"}
{"level":"error","message":"Could not close connections in time, forcefully shutting down","service":"disaster-alert-api","timestamp":"2026-05-07 21:39:06"}
{"level":"error","message":"Could not close connections in time, forcefully shutting down","service":"disaster-alert-api","timestamp":"2026-05-07 21:45:50"}
{"level":"error","message":"❌ Failed to start server: Server selection timed out after 30000 ms","service":"disaster-alert-api","timestamp":"2026-05-07 21:46:31"}
